// Jest Snapshot v1, https://goo.gl/fbAQLP

exports[`Функциональность isOdd работает успешно при неожидаемом типе параметра 1`] = `"Это не число"`;
